
> hospital_management@0.1.0 build
> react-scripts build

Creating an optimized production build...

Treating warnings as errors because process.env.CI = true.
Most CI servers set it automatically.

Failed to compile.

[eslint] 
src\components\Navbar.js
  Line 4:36:  'Bell' is defined but never used  no-unused-vars

src\components\Sidebar.js
  Line 3:39:  'Activity' is defined but never used   no-unused-vars
  Line 3:49:  'Megaphone' is defined but never used  no-unused-vars

src\pages\Admin\Dashboard.js
  Line 11:3:  'Activity' is defined but never used       no-unused-vars
  Line 13:3:  'ClipboardList' is defined but never used  no-unused-vars
  Line 14:3:  'AlertTriangle' is defined but never used  no-unused-vars
  Line 17:3:  'Sparkles' is defined but never used       no-unused-vars
  Line 33:3:  'LineChart' is defined but never used      no-unused-vars
  Line 34:3:  'Line' is defined but never used           no-unused-vars
  Line 35:3:  'Legend' is defined but never used         no-unused-vars

src\pages\Admin\ManageBeds.js
  Line 8:26:  'Layers' is defined but never used       no-unused-vars
  Line 8:34:  'CheckCircle' is defined but never used  no-unused-vars

src\pages\Admin\ManageDoctors.js
  Line 8:32:  'Edit' is defined but never used  no-unused-vars

src\pages\Admin\ManagePatients.js
  Line 7:26:  'CheckCircle' is defined but never used  no-unused-vars
  Line 7:50:  'X' is defined but never used            no-unused-vars
  Line 7:53:  'CreditCard' is defined but never used   no-unused-vars

src\pages\Attender\Dashboard.js
  Line 9:3:   'Heart' is defined but never used                                                                                    no-unused-vars
  Line 11:3:  'Activity' is defined but never used                                                                                 no-unused-vars
  Line 15:3:  'Info' is defined but never used                                                                                     no-unused-vars
  Line 16:3:  'Clock' is defined but never used                                                                                    no-unused-vars
  Line 17:3:  'ClipboardList' is defined but never used                                                                            no-unused-vars
  Line 18:3:  'AlertCircle' is defined but never used                                                                              no-unused-vars
  Line 49:6:  React Hook useEffect has a missing dependency: 'fetchPatientInfo'. Either include it or remove the dependency array  react-hooks/exhaustive-deps

src\pages\Doctor\Dashboard.js
  Line 11:3:   'Heart' is defined but never used                                                                             no-unused-vars
  Line 14:3:   'CheckCircle' is defined but never used                                                                       no-unused-vars
  Line 16:3:   'Calendar' is defined but never used                                                                          no-unused-vars
  Line 21:3:   'UserCheck' is defined but never used                                                                         no-unused-vars
  Line 23:3:   'MapPin' is defined but never used                                                                            no-unused-vars
  Line 31:10:  'loading' is assigned a value but never used                                                                  no-unused-vars
  Line 67:6:   React Hook useEffect has a missing dependency: 'fetchData'. Either include it or remove the dependency array  react-hooks/exhaustive-deps

src\pages\Login.js
  Line 7:50:  'Mail' is defined but never used  no-unused-vars


